============================= test session starts =============================
platform win32 -- Python 3.12.6, pytest-7.4.3, pluggy-1.6.0 -- C:\Python312\python.exe
cachedir: .pytest_cache
rootdir: D:\work\Tar\Verovian\Nectar Estate\Dashboard2.0\nectarDashboard2.0
plugins: anyio-3.7.1, dash-3.1.0, Faker-22.6.0, locust-2.41.5, asyncio-0.21.1, cov-4.1.0
asyncio: mode=Mode.STRICT
collecting ... collected 3 items

tests/test_acf_persistence.py::test_update_acf_profilegroup_numeric_persistence 2025-11-06 23:59:24,073 INFO sqlalchemy.engine.Engine select pg_catalog.version()
2025-11-06 23:59:24,073 INFO sqlalchemy.engine.Engine [raw sql] ()
2025-11-06 23:59:24,080 INFO sqlalchemy.engine.Engine select current_schema()
2025-11-06 23:59:24,080 INFO sqlalchemy.engine.Engine [raw sql] ()
2025-11-06 23:59:24,085 INFO sqlalchemy.engine.Engine show standard_conforming_strings
2025-11-06 23:59:24,085 INFO sqlalchemy.engine.Engine [raw sql] ()
2025-11-06 23:59:24,089 INFO sqlalchemy.engine.Engine BEGIN (implicit)
2025-11-06 23:59:24,090 INFO sqlalchemy.engine.Engine INSERT INTO users (username, email, hashed_password, role, is_active, created_at) VALUES ($1::VARCHAR, $2::VARCHAR, $3::VARCHAR, $4::VARCHAR, $5::BOOLEAN, $6::TIMESTAMP WITH TIME ZONE) RETURNING users.id
2025-11-06 23:59:24,090 INFO sqlalchemy.engine.Engine [generated in 0.00028s] ('owner_96147fb4', 'owner_96147fb4@example.com', 'x', 'propertyadmin', True, datetime.datetime(2025, 11, 6, 19, 59, 24, 90969, tzinfo=datetime.timezone.utc))
2025-11-06 23:59:24,098 INFO sqlalchemy.engine.Engine COMMIT
2025-11-06 23:59:24,106 INFO sqlalchemy.engine.Engine BEGIN (implicit)
2025-11-06 23:59:24,108 INFO sqlalchemy.engine.Engine SELECT users.id, users.username, users.email, users.hashed_password, users.role, users.is_active, users.created_at, users.permissions 
FROM users 
WHERE users.id = $1::INTEGER
2025-11-06 23:59:24,108 INFO sqlalchemy.engine.Engine [generated in 0.00023s] (13,)
2025-11-06 23:59:24,115 INFO sqlalchemy.engine.Engine INSERT INTO properties (title, content, address, description, owner_id, wordpress_id, acf, source, source_id, source_last_sync_at, published, created_at, updated_at) VALUES ($1::VARCHAR, $2::VARCHAR, $3::VARCHAR, $4::VARCHAR, $5::INTEGER, $6::INTEGER, $7::JSONB, $8::VARCHAR, $9::VARCHAR, $10::TIMESTAMP WITH TIME ZONE, $11::BOOLEAN, $12::TIMESTAMP WITH TIME ZONE, $13::TIMESTAMP WITH TIME ZONE) RETURNING properties.id
2025-11-06 23:59:24,115 INFO sqlalchemy.engine.Engine [generated in 0.00030s] ('Test Property', 'Content', '123 Road', 'Desc', 13, None, '{"profilegroup": {"beds": 2, "bathrooms": 1}}', None, None, None, False, datetime.datetime(2025, 11, 6, 19, 59, 24, 115713, tzinfo=datetime.timezone.utc), datetime.datetime(2025, 11, 6, 19, 59, 24, 115713, tzinfo=datetime.timezone.utc))
2025-11-06 23:59:24,120 INFO sqlalchemy.engine.Engine COMMIT
2025-11-06 23:59:24,127 INFO sqlalchemy.engine.Engine BEGIN (implicit)
2025-11-06 23:59:24,128 INFO sqlalchemy.engine.Engine SELECT properties.id, properties.title, properties.content, properties.address, properties.description, properties.owner_id, properties.wordpress_id, properties.tenant_info, properties.financial_info, properties.maintenance_records, properties.documents, properties.inspections, properties.acf, properties.source, properties.source_id, properties.source_last_sync_at, properties.published, properties.created_at, properties.updated_at 
FROM properties 
WHERE properties.id = $1::INTEGER
2025-11-06 23:59:24,128 INFO sqlalchemy.engine.Engine [generated in 0.00018s] (21,)
2025-11-06 23:59:24,135 INFO sqlalchemy.engine.Engine UPDATE properties SET acf=$1::JSONB, updated_at=$2::TIMESTAMP WITH TIME ZONE WHERE properties.id = $3::INTEGER
2025-11-06 23:59:24,135 INFO sqlalchemy.engine.Engine [generated in 0.00021s] ('{"profilegroup": {"beds": 7, "bathrooms": 3, "living_rooms": 2}}', datetime.datetime(2025, 11, 6, 19, 59, 24, 134093, tzinfo=datetime.timezone.utc), 21)
2025-11-06 23:59:24,139 INFO sqlalchemy.engine.Engine COMMIT
2025-11-06 23:59:24,146 INFO sqlalchemy.engine.Engine BEGIN (implicit)
2025-11-06 23:59:24,146 INFO sqlalchemy.engine.Engine SELECT properties.id, properties.title, properties.content, properties.address, properties.description, properties.owner_id, properties.wordpress_id, properties.tenant_info, properties.financial_info, properties.maintenance_records, properties.documents, properties.inspections, properties.acf, properties.source, properties.source_id, properties.source_last_sync_at, properties.published, properties.created_at, properties.updated_at 
FROM properties 
WHERE properties.id = $1::INTEGER
2025-11-06 23:59:24,146 INFO sqlalchemy.engine.Engine [cached since 0.01773s ago] (21,)
2025-11-06 23:59:24,151 INFO sqlalchemy.engine.Engine SELECT integration_configs.id, integration_configs.client_id, integration_configs.integration_type, integration_configs.direction, integration_configs.source_of_truth, integration_configs.endpoint_url, integration_configs.auth_type, integration_configs.auth_config, integration_configs.field_mappings, integration_configs.transforms, integration_configs.enabled, integration_configs.created_at, integration_configs.updated_at 
FROM integration_configs 
WHERE integration_configs.integration_type = $1::VARCHAR AND integration_configs.enabled = true
2025-11-06 23:59:24,151 INFO sqlalchemy.engine.Engine [generated in 0.00020s] ('wordpress_acf',)
No enabled wordpress_acf integration config; skipping outbound sync.
PASSED2025-11-06 23:59:24,158 INFO sqlalchemy.engine.Engine ROLLBACK

tests/test_acf_persistence.py::test_update_acf_parking_house_number_numeric 2025-11-06 23:59:24,163 INFO sqlalchemy.engine.Engine BEGIN (implicit)
2025-11-06 23:59:24,163 INFO sqlalchemy.engine.Engine INSERT INTO users (username, email, hashed_password, role, is_active, created_at) VALUES ($1::VARCHAR, $2::VARCHAR, $3::VARCHAR, $4::VARCHAR, $5::BOOLEAN, $6::TIMESTAMP WITH TIME ZONE) RETURNING users.id
2025-11-06 23:59:24,163 INFO sqlalchemy.engine.Engine [cached since 0.07316s ago] ('owner2_26bb79d5', 'owner2_26bb79d5@example.com', 'x', 'propertyadmin', True, datetime.datetime(2025, 11, 6, 19, 59, 24, 163876, tzinfo=datetime.timezone.utc))
2025-11-06 23:59:24,164 INFO sqlalchemy.engine.Engine ROLLBACK
FAILED
tests/test_acf_persistence.py::test_update_acf_non_numeric_values_preserved 2025-11-06 23:59:25,154 INFO sqlalchemy.engine.Engine BEGIN (implicit)
2025-11-06 23:59:25,154 INFO sqlalchemy.engine.Engine INSERT INTO users (username, email, hashed_password, role, is_active, created_at) VALUES ($1::VARCHAR, $2::VARCHAR, $3::VARCHAR, $4::VARCHAR, $5::BOOLEAN, $6::TIMESTAMP WITH TIME ZONE) RETURNING users.id
2025-11-06 23:59:25,154 INFO sqlalchemy.engine.Engine [cached since 1.064s ago] ('owner3_e5ad124c', 'owner3_e5ad124c@example.com', 'x', 'propertyadmin', True, datetime.datetime(2025, 11, 6, 19, 59, 25, 154834, tzinfo=datetime.timezone.utc))
2025-11-06 23:59:25,154 INFO sqlalchemy.engine.Engine ROLLBACK
FAILED

================================== FAILURES ===================================
________________ test_update_acf_parking_house_number_numeric _________________

self = <ProactorEventLoop running=False closed=True debug=False>
callback = <built-in method _on_waiter_completed of Protocol object at 0x00000161E6648590>
context = <_contextvars.Context object at 0x00000161E66B3980>
args = (<Future finished exception=AttributeError("'NoneType' object has no attribute 'send'")>,)

    def call_soon(self, callback, *args, context=None):
        """Arrange for a callback to be called as soon as possible.
    
        This operates as a FIFO queue: callbacks are called in the
        order in which they are registered.  Each callback will be
        called exactly once.
    
        Any positional arguments after the callback will be passed to
        the callback when it is called.
        """
>       self._check_closed()

C:\Python312\Lib\asyncio\base_events.py:795: 
_ _ _ _ _ _ _ _ _ _ _ _ _ _ _ _ _ _ _ _ _ _ _ _ _ _ _ _ _ _ _ _ _ _ _ _ _ _ _ _

self = <ProactorEventLoop running=False closed=True debug=False>

    def _check_closed(self):
        if self._closed:
>           raise RuntimeError('Event loop is closed')
E           RuntimeError: Event loop is closed

C:\Python312\Lib\asyncio\base_events.py:541: RuntimeError

During handling of the above exception, another exception occurred:

db_session = <sqlalchemy.orm.session.AsyncSession object at 0x00000161E674A7E0>

    @pytest.mark.asyncio
    async def test_update_acf_parking_house_number_numeric(db_session: AsyncSession):
        # Create owner
        suffix = uuid.uuid4().hex[:8]
        owner = DBUser(
            username=f"owner2_{suffix}",
            email=f"owner2_{suffix}@example.com",
            hashed_password="x",
            role="propertyadmin",
            is_active=True,
        )
        db_session.add(owner)
>       await db_session.commit()

tests\test_acf_persistence.py:70: 
_ _ _ _ _ _ _ _ _ _ _ _ _ _ _ _ _ _ _ _ _ _ _ _ _ _ _ _ _ _ _ _ _ _ _ _ _ _ _ _
C:\Users\TAH\AppData\Roaming\Python\Python312\site-packages\sqlalchemy\ext\asyncio\session.py:1011: in commit
    await greenlet_spawn(self.sync_session.commit)
C:\Users\TAH\AppData\Roaming\Python\Python312\site-packages\sqlalchemy\util\_concurrency_py3k.py:190: in greenlet_spawn
    result = context.throw(*sys.exc_info())
C:\Users\TAH\AppData\Roaming\Python\Python312\site-packages\sqlalchemy\orm\session.py:1969: in commit
    trans.commit(_to_root=True)
<string>:2: in commit
    ???
C:\Users\TAH\AppData\Roaming\Python\Python312\site-packages\sqlalchemy\orm\state_changes.py:139: in _go
    ret_value = fn(self, *arg, **kw)
C:\Users\TAH\AppData\Roaming\Python\Python312\site-packages\sqlalchemy\orm\session.py:1256: in commit
    self._prepare_impl()
<string>:2: in _prepare_impl
    ???
C:\Users\TAH\AppData\Roaming\Python\Python312\site-packages\sqlalchemy\orm\state_changes.py:139: in _go
    ret_value = fn(self, *arg, **kw)
C:\Users\TAH\AppData\Roaming\Python\Python312\site-packages\sqlalchemy\orm\session.py:1231: in _prepare_impl
    self.session.flush()
C:\Users\TAH\AppData\Roaming\Python\Python312\site-packages\sqlalchemy\orm\session.py:4312: in flush
    self._flush(objects)
C:\Users\TAH\AppData\Roaming\Python\Python312\site-packages\sqlalchemy\orm\session.py:4447: in _flush
    with util.safe_reraise():
C:\Users\TAH\AppData\Roaming\Python\Python312\site-packages\sqlalchemy\util\langhelpers.py:146: in __exit__
    raise exc_value.with_traceback(exc_tb)
C:\Users\TAH\AppData\Roaming\Python\Python312\site-packages\sqlalchemy\orm\session.py:4408: in _flush
    flush_context.execute()
C:\Users\TAH\AppData\Roaming\Python\Python312\site-packages\sqlalchemy\orm\unitofwork.py:466: in execute
    rec.execute(self)
C:\Users\TAH\AppData\Roaming\Python\Python312\site-packages\sqlalchemy\orm\unitofwork.py:642: in execute
    util.preloaded.orm_persistence.save_obj(
C:\Users\TAH\AppData\Roaming\Python\Python312\site-packages\sqlalchemy\orm\persistence.py:93: in save_obj
    _emit_insert_statements(
C:\Users\TAH\AppData\Roaming\Python\Python312\site-packages\sqlalchemy\orm\persistence.py:1226: in _emit_insert_statements
    result = connection.execute(
C:\Users\TAH\AppData\Roaming\Python\Python312\site-packages\sqlalchemy\engine\base.py:1416: in execute
    return meth(
C:\Users\TAH\AppData\Roaming\Python\Python312\site-packages\sqlalchemy\sql\elements.py:516: in _execute_on_connection
    return connection._execute_clauseelement(
C:\Users\TAH\AppData\Roaming\Python\Python312\site-packages\sqlalchemy\engine\base.py:1639: in _execute_clauseelement
    ret = self._execute_context(
C:\Users\TAH\AppData\Roaming\Python\Python312\site-packages\sqlalchemy\engine\base.py:1848: in _execute_context
    return self._exec_single_context(
C:\Users\TAH\AppData\Roaming\Python\Python312\site-packages\sqlalchemy\engine\base.py:1988: in _exec_single_context
    self._handle_dbapi_exception(
C:\Users\TAH\AppData\Roaming\Python\Python312\site-packages\sqlalchemy\engine\base.py:2346: in _handle_dbapi_exception
    raise exc_info[1].with_traceback(exc_info[2])
C:\Users\TAH\AppData\Roaming\Python\Python312\site-packages\sqlalchemy\engine\base.py:1969: in _exec_single_context
    self.dialect.do_execute(
C:\Users\TAH\AppData\Roaming\Python\Python312\site-packages\sqlalchemy\engine\default.py:922: in do_execute
    cursor.execute(statement, parameters)
C:\Users\TAH\AppData\Roaming\Python\Python312\site-packages\sqlalchemy\dialects\postgresql\asyncpg.py:591: in execute
    self._adapt_connection.await_(
C:\Users\TAH\AppData\Roaming\Python\Python312\site-packages\sqlalchemy\util\_concurrency_py3k.py:125: in await_only
    return current.driver.switch(awaitable)  # type: ignore[no-any-return]
C:\Users\TAH\AppData\Roaming\Python\Python312\site-packages\sqlalchemy\util\_concurrency_py3k.py:185: in greenlet_spawn
    value = await result
C:\Users\TAH\AppData\Roaming\Python\Python312\site-packages\sqlalchemy\dialects\postgresql\asyncpg.py:527: in _prepare_and_execute
    await adapt_connection._start_transaction()
C:\Users\TAH\AppData\Roaming\Python\Python312\site-packages\sqlalchemy\dialects\postgresql\asyncpg.py:861: in _start_transaction
    self._handle_exception(error)
C:\Users\TAH\AppData\Roaming\Python\Python312\site-packages\sqlalchemy\dialects\postgresql\asyncpg.py:810: in _handle_exception
    raise error
C:\Users\TAH\AppData\Roaming\Python\Python312\site-packages\sqlalchemy\dialects\postgresql\asyncpg.py:859: in _start_transaction
    await self._transaction.start()
C:\Users\TAH\AppData\Roaming\Python\Python312\site-packages\asyncpg\transaction.py:146: in start
    await self._connection.execute(query)
C:\Users\TAH\AppData\Roaming\Python\Python312\site-packages\asyncpg\connection.py:350: in execute
    result = await self._protocol.query(query, timeout)
asyncpg\protocol\protocol.pyx:374: in query
    ???
asyncpg\protocol\protocol.pyx:367: in asyncpg.protocol.protocol.BaseProtocol.query
    ???
asyncpg\protocol\coreproto.pyx:1094: in asyncpg.protocol.protocol.CoreProtocol._simple_query
    ???
asyncpg\protocol\protocol.pyx:966: in asyncpg.protocol.protocol.BaseProtocol._write
    ???
C:\Python312\Lib\asyncio\proactor_events.py:366: in write
    self._loop_writing(data=bytes(data))
_ _ _ _ _ _ _ _ _ _ _ _ _ _ _ _ _ _ _ _ _ _ _ _ _ _ _ _ _ _ _ _ _ _ _ _ _ _ _ _

self = <_ProactorSocketTransport fd=1220 read=<_OverlappedFuture cancelled>>
f = None, data = b'Q\x00\x00\x00*BEGIN ISOLATION LEVEL READ COMMITTED;\x00'

    def _loop_writing(self, f=None, data=None):
        try:
            if f is not None and self._write_fut is None and self._closing:
                # XXX most likely self._force_close() has been called, and
                # it has set self._write_fut to None.
                return
            assert f is self._write_fut
            self._write_fut = None
            self._pending_write = 0
            if f:
                f.result()
            if data is None:
                data = self._buffer
                self._buffer = None
            if not data:
                if self._closing:
                    self._loop.call_soon(self._call_connection_lost, None)
                if self._eof_written:
                    self._sock.shutdown(socket.SHUT_WR)
                # Now that we've reduced the buffer size, tell the
                # protocol to resume writing if it was paused.  Note that
                # we do this last since the callback is called immediately
                # and it may add more data to the buffer (even causing the
                # protocol to be paused again).
                self._maybe_resume_protocol()
            else:
>               self._write_fut = self._loop._proactor.send(self._sock, data)
E               AttributeError: 'NoneType' object has no attribute 'send'

C:\Python312\Lib\asyncio\proactor_events.py:402: AttributeError
------------------------------ Captured log call ------------------------------
INFO     sqlalchemy.engine.Engine:base.py:2689 BEGIN (implicit)
INFO     sqlalchemy.engine.Engine:base.py:1848 INSERT INTO users (username, email, hashed_password, role, is_active, created_at) VALUES ($1::VARCHAR, $2::VARCHAR, $3::VARCHAR, $4::VARCHAR, $5::BOOLEAN, $6::TIMESTAMP WITH TIME ZONE) RETURNING users.id
INFO     sqlalchemy.engine.Engine:base.py:1848 [cached since 0.07316s ago] ('owner2_26bb79d5', 'owner2_26bb79d5@example.com', 'x', 'propertyadmin', True, datetime.datetime(2025, 11, 6, 19, 59, 24, 163876, tzinfo=datetime.timezone.utc))
INFO     sqlalchemy.engine.Engine:base.py:2692 ROLLBACK
________________ test_update_acf_non_numeric_values_preserved _________________

self = <AdaptedConnection <asyncpg.connection.Connection object at 0x00000161E675E030>>

    async def _start_transaction(self):
        if self.isolation_level == "autocommit":
            return
    
        try:
            self._transaction = self._connection.transaction(
                isolation=self.isolation_level,
                readonly=self.readonly,
                deferrable=self.deferrable,
            )
>           await self._transaction.start()

C:\Users\TAH\AppData\Roaming\Python\Python312\site-packages\sqlalchemy\dialects\postgresql\asyncpg.py:859: 
_ _ _ _ _ _ _ _ _ _ _ _ _ _ _ _ _ _ _ _ _ _ _ _ _ _ _ _ _ _ _ _ _ _ _ _ _ _ _ _
C:\Users\TAH\AppData\Roaming\Python\Python312\site-packages\asyncpg\transaction.py:146: in start
    await self._connection.execute(query)
C:\Users\TAH\AppData\Roaming\Python\Python312\site-packages\asyncpg\connection.py:350: in execute
    result = await self._protocol.query(query, timeout)
asyncpg\protocol\protocol.pyx:359: in query
    ???
_ _ _ _ _ _ _ _ _ _ _ _ _ _ _ _ _ _ _ _ _ _ _ _ _ _ _ _ _ _ _ _ _ _ _ _ _ _ _ _

>   ???
E   asyncpg.exceptions._base.InterfaceError: cannot perform operation: another operation is in progress

asyncpg\protocol\protocol.pyx:744: InterfaceError

The above exception was the direct cause of the following exception:

self = <sqlalchemy.engine.base.Connection object at 0x00000161E67A2E10>
dialect = <sqlalchemy.dialects.postgresql.asyncpg.PGDialect_asyncpg object at 0x00000161E601AF00>
context = <sqlalchemy.dialects.postgresql.asyncpg.PGExecutionContext_asyncpg object at 0x00000161E67A3EF0>
statement = <sqlalchemy.dialects.postgresql.asyncpg.PGCompiler_asyncpg object at 0x00000161E674AFC0>
parameters = [('owner3_e5ad124c', 'owner3_e5ad124c@example.com', 'x', 'propertyadmin', True, datetime.datetime(2025, 11, 6, 19, 59, 25, 154834, tzinfo=datetime.timezone.utc))]

    def _exec_single_context(
        self,
        dialect: Dialect,
        context: ExecutionContext,
        statement: Union[str, Compiled],
        parameters: Optional[_AnyMultiExecuteParams],
    ) -> CursorResult[Any]:
        """continue the _execute_context() method for a single DBAPI
        cursor.execute() or cursor.executemany() call.
    
        """
        if dialect.bind_typing is BindTyping.SETINPUTSIZES:
            generic_setinputsizes = context._prepare_set_input_sizes()
    
            if generic_setinputsizes:
                try:
                    dialect.do_set_input_sizes(
                        context.cursor, generic_setinputsizes, context
                    )
                except BaseException as e:
                    self._handle_dbapi_exception(
                        e, str(statement), parameters, None, context
                    )
    
        cursor, str_statement, parameters = (
            context.cursor,
            context.statement,
            context.parameters,
        )
    
        effective_parameters: Optional[_AnyExecuteParams]
    
        if not context.executemany:
            effective_parameters = parameters[0]
        else:
            effective_parameters = parameters
    
        if self._has_events or self.engine._has_events:
            for fn in self.dispatch.before_cursor_execute:
                str_statement, effective_parameters = fn(
                    self,
                    cursor,
                    str_statement,
                    effective_parameters,
                    context,
                    context.executemany,
                )
    
        if self._echo:
            self._log_info(str_statement)
    
            stats = context._get_cache_stats()
    
            if not self.engine.hide_parameters:
                self._log_info(
                    "[%s] %r",
                    stats,
                    sql_util._repr_params(
                        effective_parameters,
                        batches=10,
                        ismulti=context.executemany,
                    ),
                )
            else:
                self._log_info(
                    "[%s] [SQL parameters hidden due to hide_parameters=True]",
                    stats,
                )
    
        evt_handled: bool = False
        try:
            if context.execute_style is ExecuteStyle.EXECUTEMANY:
                effective_parameters = cast(
                    "_CoreMultiExecuteParams", effective_parameters
                )
                if self.dialect._has_events:
                    for fn in self.dialect.dispatch.do_executemany:
                        if fn(
                            cursor,
                            str_statement,
                            effective_parameters,
                            context,
                        ):
                            evt_handled = True
                            break
                if not evt_handled:
                    self.dialect.do_executemany(
                        cursor,
                        str_statement,
                        effective_parameters,
                        context,
                    )
            elif not effective_parameters and context.no_parameters:
                if self.dialect._has_events:
                    for fn in self.dialect.dispatch.do_execute_no_params:
                        if fn(cursor, str_statement, context):
                            evt_handled = True
                            break
                if not evt_handled:
                    self.dialect.do_execute_no_params(
                        cursor, str_statement, context
                    )
            else:
                effective_parameters = cast(
                    "_CoreSingleExecuteParams", effective_parameters
                )
                if self.dialect._has_events:
                    for fn in self.dialect.dispatch.do_execute:
                        if fn(
                            cursor,
                            str_statement,
                            effective_parameters,
                            context,
                        ):
                            evt_handled = True
                            break
                if not evt_handled:
>                   self.dialect.do_execute(
                        cursor, str_statement, effective_parameters, context
                    )

C:\Users\TAH\AppData\Roaming\Python\Python312\site-packages\sqlalchemy\engine\base.py:1969: 
_ _ _ _ _ _ _ _ _ _ _ _ _ _ _ _ _ _ _ _ _ _ _ _ _ _ _ _ _ _ _ _ _ _ _ _ _ _ _ _
C:\Users\TAH\AppData\Roaming\Python\Python312\site-packages\sqlalchemy\engine\default.py:922: in do_execute
    cursor.execute(statement, parameters)
C:\Users\TAH\AppData\Roaming\Python\Python312\site-packages\sqlalchemy\dialects\postgresql\asyncpg.py:591: in execute
    self._adapt_connection.await_(
C:\Users\TAH\AppData\Roaming\Python\Python312\site-packages\sqlalchemy\util\_concurrency_py3k.py:125: in await_only
    return current.driver.switch(awaitable)  # type: ignore[no-any-return]
C:\Users\TAH\AppData\Roaming\Python\Python312\site-packages\sqlalchemy\util\_concurrency_py3k.py:185: in greenlet_spawn
    value = await result
C:\Users\TAH\AppData\Roaming\Python\Python312\site-packages\sqlalchemy\dialects\postgresql\asyncpg.py:527: in _prepare_and_execute
    await adapt_connection._start_transaction()
C:\Users\TAH\AppData\Roaming\Python\Python312\site-packages\sqlalchemy\dialects\postgresql\asyncpg.py:861: in _start_transaction
    self._handle_exception(error)
_ _ _ _ _ _ _ _ _ _ _ _ _ _ _ _ _ _ _ _ _ _ _ _ _ _ _ _ _ _ _ _ _ _ _ _ _ _ _ _

self = <AdaptedConnection <asyncpg.connection.Connection object at 0x00000161E675E030>>
error = InterfaceError('cannot perform operation: another operation is in progress')

    def _handle_exception(self, error):
        if self._connection.is_closed():
            self._transaction = None
            self._started = False
    
        if not isinstance(error, AsyncAdapt_asyncpg_dbapi.Error):
            exception_mapping = self.dbapi._asyncpg_error_translate
    
            for super_ in type(error).__mro__:
                if super_ in exception_mapping:
                    translated_error = exception_mapping[super_](
                        "%s: %s" % (type(error), error)
                    )
                    translated_error.pgcode = (
                        translated_error.sqlstate
                    ) = getattr(error, "sqlstate", None)
>                   raise translated_error from error
E                   sqlalchemy.dialects.postgresql.asyncpg.AsyncAdapt_asyncpg_dbapi.InterfaceError: <class 'asyncpg.exceptions._base.InterfaceError'>: cannot perform operation: another operation is in progress

C:\Users\TAH\AppData\Roaming\Python\Python312\site-packages\sqlalchemy\dialects\postgresql\asyncpg.py:808: InterfaceError

The above exception was the direct cause of the following exception:

db_session = <sqlalchemy.orm.session.AsyncSession object at 0x00000161E674B2F0>

    @pytest.mark.asyncio
    async def test_update_acf_non_numeric_values_preserved(db_session: AsyncSession):
        # Create owner
        suffix = uuid.uuid4().hex[:8]
        owner = DBUser(
            username=f"owner3_{suffix}",
            email=f"owner3_{suffix}@example.com",
            hashed_password="x",
            role="propertyadmin",
            is_active=True,
        )
        db_session.add(owner)
>       await db_session.commit()

tests\test_acf_persistence.py:110: 
_ _ _ _ _ _ _ _ _ _ _ _ _ _ _ _ _ _ _ _ _ _ _ _ _ _ _ _ _ _ _ _ _ _ _ _ _ _ _ _
C:\Users\TAH\AppData\Roaming\Python\Python312\site-packages\sqlalchemy\ext\asyncio\session.py:1011: in commit
    await greenlet_spawn(self.sync_session.commit)
C:\Users\TAH\AppData\Roaming\Python\Python312\site-packages\sqlalchemy\util\_concurrency_py3k.py:190: in greenlet_spawn
    result = context.throw(*sys.exc_info())
C:\Users\TAH\AppData\Roaming\Python\Python312\site-packages\sqlalchemy\orm\session.py:1969: in commit
    trans.commit(_to_root=True)
<string>:2: in commit
    ???
C:\Users\TAH\AppData\Roaming\Python\Python312\site-packages\sqlalchemy\orm\state_changes.py:139: in _go
    ret_value = fn(self, *arg, **kw)
C:\Users\TAH\AppData\Roaming\Python\Python312\site-packages\sqlalchemy\orm\session.py:1256: in commit
    self._prepare_impl()
<string>:2: in _prepare_impl
    ???
C:\Users\TAH\AppData\Roaming\Python\Python312\site-packages\sqlalchemy\orm\state_changes.py:139: in _go
    ret_value = fn(self, *arg, **kw)
C:\Users\TAH\AppData\Roaming\Python\Python312\site-packages\sqlalchemy\orm\session.py:1231: in _prepare_impl
    self.session.flush()
C:\Users\TAH\AppData\Roaming\Python\Python312\site-packages\sqlalchemy\orm\session.py:4312: in flush
    self._flush(objects)
C:\Users\TAH\AppData\Roaming\Python\Python312\site-packages\sqlalchemy\orm\session.py:4447: in _flush
    with util.safe_reraise():
C:\Users\TAH\AppData\Roaming\Python\Python312\site-packages\sqlalchemy\util\langhelpers.py:146: in __exit__
    raise exc_value.with_traceback(exc_tb)
C:\Users\TAH\AppData\Roaming\Python\Python312\site-packages\sqlalchemy\orm\session.py:4408: in _flush
    flush_context.execute()
C:\Users\TAH\AppData\Roaming\Python\Python312\site-packages\sqlalchemy\orm\unitofwork.py:466: in execute
    rec.execute(self)
C:\Users\TAH\AppData\Roaming\Python\Python312\site-packages\sqlalchemy\orm\unitofwork.py:642: in execute
    util.preloaded.orm_persistence.save_obj(
C:\Users\TAH\AppData\Roaming\Python\Python312\site-packages\sqlalchemy\orm\persistence.py:93: in save_obj
    _emit_insert_statements(
C:\Users\TAH\AppData\Roaming\Python\Python312\site-packages\sqlalchemy\orm\persistence.py:1226: in _emit_insert_statements
    result = connection.execute(
C:\Users\TAH\AppData\Roaming\Python\Python312\site-packages\sqlalchemy\engine\base.py:1416: in execute
    return meth(
C:\Users\TAH\AppData\Roaming\Python\Python312\site-packages\sqlalchemy\sql\elements.py:516: in _execute_on_connection
    return connection._execute_clauseelement(
C:\Users\TAH\AppData\Roaming\Python\Python312\site-packages\sqlalchemy\engine\base.py:1639: in _execute_clauseelement
    ret = self._execute_context(
C:\Users\TAH\AppData\Roaming\Python\Python312\site-packages\sqlalchemy\engine\base.py:1848: in _execute_context
    return self._exec_single_context(
C:\Users\TAH\AppData\Roaming\Python\Python312\site-packages\sqlalchemy\engine\base.py:1988: in _exec_single_context
    self._handle_dbapi_exception(
C:\Users\TAH\AppData\Roaming\Python\Python312\site-packages\sqlalchemy\engine\base.py:2343: in _handle_dbapi_exception
    raise sqlalchemy_exception.with_traceback(exc_info[2]) from e
C:\Users\TAH\AppData\Roaming\Python\Python312\site-packages\sqlalchemy\engine\base.py:1969: in _exec_single_context
    self.dialect.do_execute(
C:\Users\TAH\AppData\Roaming\Python\Python312\site-packages\sqlalchemy\engine\default.py:922: in do_execute
    cursor.execute(statement, parameters)
C:\Users\TAH\AppData\Roaming\Python\Python312\site-packages\sqlalchemy\dialects\postgresql\asyncpg.py:591: in execute
    self._adapt_connection.await_(
C:\Users\TAH\AppData\Roaming\Python\Python312\site-packages\sqlalchemy\util\_concurrency_py3k.py:125: in await_only
    return current.driver.switch(awaitable)  # type: ignore[no-any-return]
C:\Users\TAH\AppData\Roaming\Python\Python312\site-packages\sqlalchemy\util\_concurrency_py3k.py:185: in greenlet_spawn
    value = await result
C:\Users\TAH\AppData\Roaming\Python\Python312\site-packages\sqlalchemy\dialects\postgresql\asyncpg.py:527: in _prepare_and_execute
    await adapt_connection._start_transaction()
C:\Users\TAH\AppData\Roaming\Python\Python312\site-packages\sqlalchemy\dialects\postgresql\asyncpg.py:861: in _start_transaction
    self._handle_exception(error)
_ _ _ _ _ _ _ _ _ _ _ _ _ _ _ _ _ _ _ _ _ _ _ _ _ _ _ _ _ _ _ _ _ _ _ _ _ _ _ _

self = <AdaptedConnection <asyncpg.connection.Connection object at 0x00000161E675E030>>
error = InterfaceError('cannot perform operation: another operation is in progress')

    def _handle_exception(self, error):
        if self._connection.is_closed():
            self._transaction = None
            self._started = False
    
        if not isinstance(error, AsyncAdapt_asyncpg_dbapi.Error):
            exception_mapping = self.dbapi._asyncpg_error_translate
    
            for super_ in type(error).__mro__:
                if super_ in exception_mapping:
                    translated_error = exception_mapping[super_](
                        "%s: %s" % (type(error), error)
                    )
                    translated_error.pgcode = (
                        translated_error.sqlstate
                    ) = getattr(error, "sqlstate", None)
>                   raise translated_error from error
E                   sqlalchemy.exc.InterfaceError: (sqlalchemy.dialects.postgresql.asyncpg.InterfaceError) <class 'asyncpg.exceptions._base.InterfaceError'>: cannot perform operation: another operation is in progress
E                   [SQL: INSERT INTO users (username, email, hashed_password, role, is_active, created_at) VALUES ($1::VARCHAR, $2::VARCHAR, $3::VARCHAR, $4::VARCHAR, $5::BOOLEAN, $6::TIMESTAMP WITH TIME ZONE) RETURNING users.id]
E                   [parameters: ('owner3_e5ad124c', 'owner3_e5ad124c@example.com', 'x', 'propertyadmin', True, datetime.datetime(2025, 11, 6, 19, 59, 25, 154834, tzinfo=datetime.timezone.utc))]
E                   (Background on this error at: https://sqlalche.me/e/20/rvf5)

C:\Users\TAH\AppData\Roaming\Python\Python312\site-packages\sqlalchemy\dialects\postgresql\asyncpg.py:808: InterfaceError
------------------------------ Captured log call ------------------------------
INFO     sqlalchemy.engine.Engine:base.py:2689 BEGIN (implicit)
INFO     sqlalchemy.engine.Engine:base.py:1848 INSERT INTO users (username, email, hashed_password, role, is_active, created_at) VALUES ($1::VARCHAR, $2::VARCHAR, $3::VARCHAR, $4::VARCHAR, $5::BOOLEAN, $6::TIMESTAMP WITH TIME ZONE) RETURNING users.id
INFO     sqlalchemy.engine.Engine:base.py:1848 [cached since 1.064s ago] ('owner3_e5ad124c', 'owner3_e5ad124c@example.com', 'x', 'propertyadmin', True, datetime.datetime(2025, 11, 6, 19, 59, 25, 154834, tzinfo=datetime.timezone.utc))
INFO     sqlalchemy.engine.Engine:base.py:2692 ROLLBACK
============================== warnings summary ===============================
C:\Users\TAH\AppData\Roaming\Python\Python312\site-packages\pydantic\fields.py:799
C:\Users\TAH\AppData\Roaming\Python\Python312\site-packages\pydantic\fields.py:799
  C:\Users\TAH\AppData\Roaming\Python\Python312\site-packages\pydantic\fields.py:799: PydanticDeprecatedSince20: Using extra keyword arguments on `Field` is deprecated and will be removed. Use `json_schema_extra` instead. (Extra keys: 'env'). Deprecated in Pydantic V2.0 to be removed in V3.0. See Pydantic V2 Migration Guide at https://errors.pydantic.dev/2.5/migration/
    warn(

database.py:32
  D:\work\Tar\Verovian\Nectar Estate\Dashboard2.0\nectarDashboard2.0\database.py:32: MovedIn20Warning: The ``declarative_base()`` function is now available as sqlalchemy.orm.declarative_base(). (deprecated since: 2.0) (Background on SQLAlchemy 2.0 at: https://sqlalche.me/e/b8d9)
    Base = declarative_base()

C:\Users\TAH\AppData\Roaming\Python\Python312\site-packages\pydantic\_internal\_config.py:268: 14 warnings
  C:\Users\TAH\AppData\Roaming\Python\Python312\site-packages\pydantic\_internal\_config.py:268: PydanticDeprecatedSince20: Support for class-based `config` is deprecated, use ConfigDict instead. Deprecated in Pydantic V2.0 to be removed in V3.0. See Pydantic V2 Migration Guide at https://errors.pydantic.dev/2.5/migration/
    warnings.warn(DEPRECATION_MESSAGE, DeprecationWarning)

-- Docs: https://docs.pytest.org/en/stable/how-to/capture-warnings.html
=========================== short test summary info ===========================
FAILED tests/test_acf_persistence.py::test_update_acf_parking_house_number_numeric
FAILED tests/test_acf_persistence.py::test_update_acf_non_numeric_values_preserved
================== 2 failed, 1 passed, 17 warnings in 2.78s ===================
